Fitter Route Stage Report for syntest_scaler
Wed Apr 24 20:50:01 2019
Quartus Prime Version 18.1.0 Build 222 09/21/2018 SJ Pro Edition


---------------------
; Table of Contents ;
---------------------
  1. Legal Notice
  2. Delay Chain Summary
  3. Routing Usage Summary
  4. Route Messages
  5. Estimated Delay Added for Hold Timing Summary
  6. Estimated Delay Added for Hold Timing Details



----------------
; Legal Notice ;
----------------
Copyright (C) 2018  Intel Corporation. All rights reserved.
Your use of Intel Corporation's design tools, logic functions 
and other software and tools, and its AMPP partner logic 
functions, and any output files from any of the foregoing 
(including device programming or simulation files), and any 
associated documentation or information are expressly subject 
to the terms and conditions of the Intel Program License 
Subscription Agreement, the Intel Quartus Prime License Agreement,
the Intel FPGA IP License Agreement, or other applicable license
agreement, including, without limitation, that your use is for
the sole purpose of programming logic devices manufactured by
Intel and sold by Intel or its authorized distributors.  Please
refer to the applicable agreement for further details.



+---------------------------------------------------------------------------------------------------------------------------------------------------------+
; Delay Chain Summary                                                                                                                                     ;
+--------+----------+---------------------+--------------------+----------------+-----------------------------------+-------------------------------------+
; Name   ; Pin Type ; Input Delay Chain 0 ; Output Delay Chain ; OE Delay Chain ; IO_12_LANE Input Data Delay Chain ; IO_12_LANE Input Strobe Delay Chain ;
+--------+----------+---------------------+--------------------+----------------+-----------------------------------+-------------------------------------+
; sink_o ; Output   ; --                  ; 0                  ; 0              ; --                                ; --                                  ;
; clk_i  ; Input    ; 0                   ; --                 ; --             ; --                                ; --                                  ;
+--------+----------+---------------------+--------------------+----------------+-----------------------------------+-------------------------------------+


+------------------------------------------------------------+
; Routing Usage Summary                                      ;
+------------------------------+-----------------------------+
; Routing Resource Type        ; Usage                       ;
+------------------------------+-----------------------------+
; Block interconnects          ; 1,543 / 3,375,986 ( < 1 % ) ;
; C27 interconnects            ; 0 / 56,741 ( 0 % )          ;
; C4 interconnects             ; 508 / 2,570,048 ( < 1 % )   ;
; Direct links                 ; 554 / 3,375,986 ( < 1 % )   ;
; Global clocks                ; 1 / 32 ( 3 % )              ;
; Periphery clocks             ; 0 / 910 ( 0 % )             ;
; R3 interconnects             ; 375 / 1,214,760 ( < 1 % )   ;
; R32 interconnects            ; 0 / 99,472 ( 0 % )          ;
; R32/C27 interconnect drivers ; 0 / 385,136 ( 0 % )         ;
; R6 interconnects             ; 578 / 2,336,152 ( < 1 % )   ;
; Regional clock lefts         ; 0 / 16 ( 0 % )              ;
; Regional clock out bottoms   ; 0 / 16 ( 0 % )              ;
; Regional clock out tops      ; 0 / 16 ( 0 % )              ;
; Regional clock rights        ; 0 / 16 ( 0 % )              ;
; Regional clocks              ; 0 / 16 ( 0 % )              ;
; Spine buffers                ; 2 / 704 ( < 1 % )           ;
; Spine clocks                 ; 2 / 1,056 ( < 1 % )         ;
; Spine feedthroughs           ; 0 / 1,024 ( 0 % )           ;
+------------------------------+-----------------------------+


+----------------+
; Route Messages ;
+----------------+
Info: *******************************************************************
Info: Running Quartus Prime Fitter
    Info: Version 18.1.0 Build 222 09/21/2018 SJ Pro Edition
    Info: Processing started: Wed Apr 24 20:48:12 2019
Info: Command: quartus_fit --read_settings_files=on --write_settings_files=off syntest_scaler -c syntest_scaler
Info: qfit2_default_script.tcl version: #1
Info: Project  = syntest_scaler
Info: Revision = syntest_scaler
Info (170193): Fitter routing operations beginning
Info (170199): The Fitter performed an Auto Fit compilation.  Optimizations were skipped to reduce compilation time.
    Info (170201): Optimizations that may affect the design's routability were skipped
    Info (170200): Optimizations that may affect the design's timing were skipped
Info (11888): Total time spent on timing analysis during Routing is 0.13 seconds.
Info (16607): Fitter routing operations ending: elapsed time is 00:00:21


+------------------------------------------------------------+
; Estimated Delay Added for Hold Timing Summary              ;
+-----------------+----------------------+-------------------+
; Source Clock(s) ; Destination Clock(s) ; Delay Added in ns ;
+-----------------+----------------------+-------------------+
; clk_i           ; clk_i                ; 150.9             ;
+-----------------+----------------------+-------------------+
Note: For more information on problematic transfers, consider running the Fitter again with the Optimize hold timing option (Settings Menu) turned off.
This will disable optimization of problematic paths and expose them for further analysis using the Timing Analyzer.


+-------------------------------------------------------------------------------------------------------------------------------------------------------------------------------------------------------+
; Estimated Delay Added for Hold Timing Details                                                                                                                                                         ;
+------------------------------------------------------------------------+----------------------------------------------------------------------------------------------------------+-------------------+
; Source Register                                                        ; Destination Register                                                                                     ; Delay Added in ns ;
+------------------------------------------------------------------------+----------------------------------------------------------------------------------------------------------+-------------------+
; i_source|\g_reg_banks:0:outputs[50]                                    ; i_mut|fb_data_i[47]                                                                                      ; 0.504             ;
; i_source|\g_reg_banks:0:regs[3]                                        ; i_source|\g_reg_banks:0:outputs[3]                                                                       ; 0.490             ;
; i_source|\g_reg_banks:0:outputs[32]                                    ; i_mut|fb_data_i[29]                                                                                      ; 0.490             ;
; i_source|\g_reg_banks:0:outputs[49]                                    ; i_mut|fb_data_i[46]                                                                                      ; 0.484             ;
; i_source|\g_reg_banks:0:outputs[36]                                    ; i_mut|fb_data_i[33]                                                                                      ; 0.483             ;
; i_source|\g_reg_banks:0:outputs[51]                                    ; i_mut|fb_data_i[48]                                                                                      ; 0.472             ;
; i_source|\g_reg_banks:0:outputs[46]                                    ; i_source|\g_reg_banks:0:regs[47]                                                                         ; 0.459             ;
; i_source|\g_reg_banks:0:outputs[45]                                    ; i_mut|fb_data_i[42]                                                                                      ; 0.450             ;
; i_source|\g_reg_banks:0:outputs[33]                                    ; i_mut|fb_data_i[30]                                                                                      ; 0.440             ;
; i_source|\g_reg_banks:0:outputs[52]                                    ; i_mut|fb_data_i[49]                                                                                      ; 0.437             ;
; i_source|\g_reg_banks:0:outputs[56]                                    ; i_mut|fb_data_i[53]                                                                                      ; 0.403             ;
; i_source|\g_reg_banks:0:outputs[5]                                     ; i_source|\g_reg_banks:0:regs[6]                                                                          ; 0.400             ;
; i_source|\g_reg_banks:0:regs[2]                                        ; i_source|\g_reg_banks:0:outputs[2]                                                                       ; 0.390             ;
; i_source|\g_reg_banks:0:outputs[47]                                    ; i_source|\g_reg_banks:0:regs[48]                                                                         ; 0.373             ;
; i_source|\g_reg_banks:0:outputs[58]                                    ; i_mut|fb_data_i[55]                                                                                      ; 0.369             ;
; i_source|\g_reg_banks:0:outputs[61]                                    ; i_mut|fb_data_i[58]                                                                                      ; 0.366             ;
; i_source|\g_reg_banks:0:outputs[78]                                    ; i_mut|fb_data_i[75]                                                                                      ; 0.358             ;
; i_source|\g_reg_banks:0:outputs[60]                                    ; i_mut|fb_data_i[57]                                                                                      ; 0.348             ;
; i_sink|output_stage1[40]                                               ; i_sink|i_atv_dummy_reduce|reduced[8]                                                                     ; 0.348             ;
; i_sink|\i:15:counter[3]                                                ; i_sink|\i:15:counter[4]                                                                                  ; 0.343             ;
; i_sink|\i:14:counter[3]                                                ; i_sink|\i:14:counter[4]                                                                                  ; 0.341             ;
; i_sink|\i:8:counter[3]                                                 ; i_sink|\i:8:counter[4]                                                                                   ; 0.340             ;
; i_sink|\i:6:counter[3]                                                 ; i_sink|\i:6:counter[4]                                                                                   ; 0.331             ;
; i_sink|\i:9:counter[3]                                                 ; i_sink|\i:9:counter[4]                                                                                   ; 0.330             ;
; i_source|\g_reg_banks:0:regs[7]                                        ; i_source|\g_reg_banks:0:outputs[7]                                                                       ; 0.326             ;
; i_sink|\i:5:counter[3]                                                 ; i_sink|\i:5:counter[4]                                                                                   ; 0.324             ;
; i_sink|output_stage1[22]                                               ; i_sink|i_atv_dummy_reduce|reduced[4]                                                                     ; 0.320             ;
; i_source|\g_reg_banks:0:outputs[37]                                    ; i_source|\g_reg_banks:0:regs[38]                                                                         ; 0.320             ;
; i_sink|\i:1:counter[2]                                                 ; i_sink|\i:1:counter[3]                                                                                   ; 0.320             ;
; i_sink|output_stage1[42]                                               ; i_sink|i_atv_dummy_reduce|reduced[8]                                                                     ; 0.320             ;
; i_sink|\i:9:counter[2]                                                 ; i_sink|\i:9:counter[3]                                                                                   ; 0.318             ;
; i_sink|i_atv_dummy_reduce|\g_reduce_more:i_atv_dummy_reduce|reduced[1] ; i_sink|i_atv_dummy_reduce|\g_reduce_more:i_atv_dummy_reduce|\g_reduce_more:i_atv_dummy_reduce|reduced[0] ; 0.318             ;
; i_sink|\i:11:counter[3]                                                ; i_sink|\i:11:counter[4]                                                                                  ; 0.318             ;
; i_sink|i_atv_dummy_reduce|reduced[13]                                  ; i_sink|i_atv_dummy_reduce|\g_reduce_more:i_atv_dummy_reduce|reduced[2]                                   ; 0.317             ;
; i_sink|output_stage1[20]                                               ; i_sink|i_atv_dummy_reduce|reduced[4]                                                                     ; 0.313             ;
; i_source|\g_reg_banks:0:outputs[19]                                    ; i_source|\g_reg_banks:0:regs[20]                                                                         ; 0.311             ;
; i_sink|\i:7:counter[3]                                                 ; i_sink|\i:7:counter[4]                                                                                   ; 0.311             ;
; i_sink|output_stage1[63]                                               ; i_sink|i_atv_dummy_reduce|reduced[12]                                                                    ; 0.310             ;
; i_sink|output_stage1[62]                                               ; i_sink|i_atv_dummy_reduce|reduced[12]                                                                    ; 0.308             ;
; i_source|\g_reg_banks:0:outputs[68]                                    ; i_mut|fb_data_i[65]                                                                                      ; 0.308             ;
; i_sink|\i:3:counter[3]                                                 ; i_sink|\i:3:counter[4]                                                                                   ; 0.308             ;
; i_source|\g_reg_banks:0:outputs[21]                                    ; i_mut|fb_data_i[18]                                                                                      ; 0.306             ;
; i_source|\g_reg_banks:0:outputs[13]                                    ; i_source|\g_reg_banks:0:regs[14]                                                                         ; 0.304             ;
; i_source|\g_reg_banks:0:outputs[4]                                     ; i_source|\g_reg_banks:0:regs[5]                                                                          ; 0.304             ;
; i_sink|output_stage1[21]                                               ; i_sink|i_atv_dummy_reduce|reduced[4]                                                                     ; 0.304             ;
; i_sink|\i:4:counter[3]                                                 ; i_sink|\i:4:counter[4]                                                                                   ; 0.303             ;
; i_sink|i_atv_dummy_reduce|reduced[4]                                   ; i_sink|i_atv_dummy_reduce|\g_reduce_more:i_atv_dummy_reduce|reduced[0]                                   ; 0.303             ;
; i_source|\g_reg_banks:0:regs[62]                                       ; i_source|\g_reg_banks:0:outputs[62]                                                                      ; 0.301             ;
; i_source|\g_reg_banks:0:regs[35]                                       ; i_source|\g_reg_banks:0:outputs[35]                                                                      ; 0.301             ;
; i_sink|i_atv_dummy_reduce|reduced[6]                                   ; i_sink|i_atv_dummy_reduce|\g_reduce_more:i_atv_dummy_reduce|reduced[1]                                   ; 0.301             ;
; i_mut|v_xcount[0]                                                      ; i_mut|v_dx[1]                                                                                            ; 0.301             ;
; i_source|\g_reg_banks:0:regs[71]                                       ; i_source|\g_reg_banks:0:outputs[71]                                                                      ; 0.300             ;
; i_sink|output_stage1[64]                                               ; i_sink|i_atv_dummy_reduce|reduced[12]                                                                    ; 0.300             ;
; i_sink|output_stage1[44]                                               ; i_sink|i_atv_dummy_reduce|reduced[8]                                                                     ; 0.300             ;
; i_source|\g_reg_banks:0:regs[29]                                       ; i_source|\g_reg_banks:0:outputs[29]                                                                      ; 0.300             ;
; i_source|\g_reg_banks:0:regs[39]                                       ; i_source|\g_reg_banks:0:outputs[39]                                                                      ; 0.298             ;
; i_source|\g_reg_banks:0:outputs[73]                                    ; i_mut|fb_data_i[70]                                                                                      ; 0.298             ;
; i_source|\g_reg_banks:0:outputs[10]                                    ; i_mut|fb_data_i[7]                                                                                       ; 0.298             ;
; i_sink|output_stage1[45]                                               ; i_sink|i_atv_dummy_reduce|reduced[9]                                                                     ; 0.298             ;
; i_sink|output_stage1[41]                                               ; i_sink|i_atv_dummy_reduce|reduced[8]                                                                     ; 0.298             ;
; i_sink|output_stage1[37]                                               ; i_sink|i_atv_dummy_reduce|reduced[7]                                                                     ; 0.298             ;
; i_sink|output_stage1[12]                                               ; i_sink|i_atv_dummy_reduce|reduced[2]                                                                     ; 0.298             ;
; i_source|\g_reg_banks:0:outputs[40]                                    ; i_source|\g_reg_banks:0:regs[41]                                                                         ; 0.298             ;
; i_source|\g_reg_banks:0:outputs[15]                                    ; i_source|\g_reg_banks:0:regs[16]                                                                         ; 0.298             ;
; i_sink|\i:2:counter[3]                                                 ; i_sink|\i:2:counter[4]                                                                                   ; 0.297             ;
; i_sink|output_stage1[36]                                               ; i_sink|i_atv_dummy_reduce|reduced[7]                                                                     ; 0.297             ;
; i_source|\g_reg_banks:0:outputs[54]                                    ; i_source|\g_reg_banks:0:regs[55]                                                                         ; 0.296             ;
; i_sink|output_stage1[65]                                               ; i_sink|i_atv_dummy_reduce|reduced[13]                                                                    ; 0.296             ;
; i_sink|output_stage1[35]                                               ; i_sink|i_atv_dummy_reduce|reduced[7]                                                                     ; 0.296             ;
; i_source|\g_reg_banks:0:outputs[20]                                    ; i_source|\g_reg_banks:0:regs[21]                                                                         ; 0.294             ;
; i_source|\g_reg_banks:0:regs[65]                                       ; i_source|\g_reg_banks:0:outputs[65]                                                                      ; 0.294             ;
; i_source|\g_reg_banks:0:regs[21]                                       ; i_source|\g_reg_banks:0:outputs[21]                                                                      ; 0.294             ;
; i_source|\g_reg_banks:0:regs[9]                                        ; i_source|\g_reg_banks:0:outputs[9]                                                                       ; 0.294             ;
; i_source|\g_reg_banks:0:outputs[62]                                    ; i_mut|fb_data_i[59]                                                                                      ; 0.293             ;
; i_source|\g_reg_banks:0:outputs[26]                                    ; i_source|\g_reg_banks:0:regs[27]                                                                         ; 0.293             ;
; i_sink|output_stage1[27]                                               ; i_sink|i_atv_dummy_reduce|reduced[5]                                                                     ; 0.293             ;
; i_sink|output_stage1[3]                                                ; i_sink|i_atv_dummy_reduce|reduced[0]                                                                     ; 0.293             ;
; i_source|\g_reg_banks:0:regs[17]                                       ; i_source|\g_reg_banks:0:outputs[17]                                                                      ; 0.291             ;
; i_sink|output_stage1[43]                                               ; i_sink|i_atv_dummy_reduce|reduced[8]                                                                     ; 0.290             ;
; i_source|\g_reg_banks:0:regs[82]                                       ; i_source|\g_reg_banks:0:outputs[82]                                                                      ; 0.290             ;
; i_sink|output_stage1[70]                                               ; i_sink|i_atv_dummy_reduce|reduced[14]                                                                    ; 0.290             ;
; i_sink|output_stage1[26]                                               ; i_sink|i_atv_dummy_reduce|reduced[5]                                                                     ; 0.290             ;
; i_sink|i_atv_dummy_reduce|reduced[5]                                   ; i_sink|i_atv_dummy_reduce|\g_reduce_more:i_atv_dummy_reduce|reduced[1]                                   ; 0.290             ;
; i_source|\g_reg_banks:0:outputs[3]                                     ; i_source|\g_reg_banks:0:regs[4]                                                                          ; 0.290             ;
; i_source|\g_reg_banks:0:outputs[28]                                    ; i_source|\g_reg_banks:0:regs[29]                                                                         ; 0.290             ;
; i_sink|\i:0:counter[1]                                                 ; i_sink|output_stage1[81]                                                                                 ; 0.290             ;
; i_sink|output_stage1[81]                                               ; i_sink|i_atv_dummy_reduce|reduced[16]                                                                    ; 0.288             ;
; i_sink|output_stage1[71]                                               ; i_sink|i_atv_dummy_reduce|reduced[14]                                                                    ; 0.288             ;
; i_sink|\i:12:counter[3]                                                ; i_sink|\i:12:counter[4]                                                                                  ; 0.287             ;
; i_sink|output_stage1[72]                                               ; i_sink|i_atv_dummy_reduce|reduced[14]                                                                    ; 0.287             ;
; i_sink|output_stage1[60]                                               ; i_sink|i_atv_dummy_reduce|reduced[12]                                                                    ; 0.287             ;
; i_source|\g_reg_banks:0:outputs[18]                                    ; i_mut|fb_data_i[15]                                                                                      ; 0.287             ;
; i_sink|output_stage1[2]                                                ; i_sink|i_atv_dummy_reduce|reduced[16]                                                                    ; 0.287             ;
; i_sink|\i:10:counter[3]                                                ; i_sink|\i:10:counter[4]                                                                                  ; 0.287             ;
; i_sink|output_stage1[61]                                               ; i_sink|i_atv_dummy_reduce|reduced[12]                                                                    ; 0.287             ;
; i_source|\g_reg_banks:0:outputs[70]                                    ; i_source|\g_reg_banks:0:regs[71]                                                                         ; 0.286             ;
; i_sink|\i:13:counter[3]                                                ; i_sink|\i:13:counter[4]                                                                                  ; 0.286             ;
; i_sink|output_stage1[75]                                               ; i_sink|i_atv_dummy_reduce|reduced[15]                                                                    ; 0.286             ;
; i_source|\g_reg_banks:0:regs[58]                                       ; i_source|\g_reg_banks:0:outputs[58]                                                                      ; 0.283             ;
; i_mut|out_count[0]                                                     ; i_mut|scaler_valid_o                                                                                     ; 0.283             ;
+------------------------------------------------------------------------+----------------------------------------------------------------------------------------------------------+-------------------+
Note: This table only shows the top 100 path(s) that have the largest delay added for hold.


