------------------------------------------------------------
Timing Analyzer Summary
------------------------------------------------------------

Type  : Slow 900mV 100C Model Setup 'clk_i'
Slack : -14.500
TNS   : -3015.676

Type  : Slow 900mV 100C Model Hold 'clk_i'
Slack : 0.072
TNS   : 0.000

Type  : Slow 900mV 100C Model Minimum Pulse Width 'clk_i'
Slack : 1.172
TNS   : 0.000

Type  : Slow 900mV -40C Model Setup 'clk_i'
Slack : -15.677
TNS   : -2453.529

Type  : Slow 900mV -40C Model Hold 'clk_i'
Slack : 0.056
TNS   : 0.000

Type  : Slow 900mV -40C Model Minimum Pulse Width 'clk_i'
Slack : 1.048
TNS   : 0.000

Type  : Fast 900mV 100C Model Setup 'clk_i'
Slack : -6.852
TNS   : -1794.491

Type  : Fast 900mV 100C Model Hold 'clk_i'
Slack : 0.018
TNS   : 0.000

Type  : Fast 900mV 100C Model Minimum Pulse Width 'clk_i'
Slack : 1.290
TNS   : 0.000

Type  : Fast 900mV -40C Model Setup 'clk_i'
Slack : -5.568
TNS   : -855.114

Type  : Fast 900mV -40C Model Hold 'clk_i'
Slack : 0.012
TNS   : 0.000

Type  : Fast 900mV -40C Model Minimum Pulse Width 'clk_i'
Slack : 1.296
TNS   : 0.000

------------------------------------------------------------
