Fitter Finalize Stage Report for syntest_fifo_generic
Fri Apr  5 08:15:53 2019
Quartus Prime Version 18.1.0 Build 222 09/21/2018 SJ Pro Edition


---------------------
; Table of Contents ;
---------------------
  1. Legal Notice
  2. Fitter HSLP Summary
  3. Finalize Messages



----------------
; Legal Notice ;
----------------
Copyright (C) 2018  Intel Corporation. All rights reserved.
Your use of Intel Corporation's design tools, logic functions 
and other software and tools, and its AMPP partner logic 
functions, and any output files from any of the foregoing 
(including device programming or simulation files), and any 
associated documentation or information are expressly subject 
to the terms and conditions of the Intel Program License 
Subscription Agreement, the Intel Quartus Prime License Agreement,
the Intel FPGA IP License Agreement, or other applicable license
agreement, including, without limitation, that your use is for
the sole purpose of programming logic devices manufactured by
Intel and sold by Intel or its authorized distributors.  Please
refer to the applicable agreement for further details.



+----------------------------------------------------------------------------------+
; Fitter HSLP Summary                                                              ;
+--------------------------------------------------------+-----------------+-------+
; Resource                                               ; Usage           ; %     ;
+--------------------------------------------------------+-----------------+-------+
;                                                        ;                 ;       ;
; Programmable power technology high-speed tiles         ; 12 / 18,244     ; < 1 % ;
; Programmable power technology low-power tiles          ; 18,232 / 18,244 ; 100 % ;
;     -- low-power tiles that are used by the design     ; 41 / 18,232     ; < 1 % ;
;     -- unused tiles (low-power)                        ; 18,191 / 18,232 ; 100 % ;
;                                                        ;                 ;       ;
; Programmable power technology high-speed LAB tiles     ; 9 / 13,898      ; < 1 % ;
; Programmable power technology low-power LAB tiles      ; 13,889 / 13,898 ; 100 % ;
;     -- low-power LAB tiles that are used by the design ; 41 / 13,889     ; < 1 % ;
;     -- unused LAB tiles (low-power)                    ; 13,848 / 13,889 ; 100 % ;
;                                                        ;                 ;       ;
+--------------------------------------------------------+-----------------+-------+


+-------------------+
; Finalize Messages ;
+-------------------+
Info: *******************************************************************
Info: Running Quartus Prime Fitter
    Info: Version 18.1.0 Build 222 09/21/2018 SJ Pro Edition
    Info: Processing started: Fri Apr  5 08:13:26 2019
Info: Command: quartus_fit --read_settings_files=on --write_settings_files=off syntest_fifo_generic -c syntest_fifo_generic
Info: qfit2_default_script.tcl version: #1
Info: Project  = syntest_fifo_generic
Info: Revision = syntest_fifo_generic
Info (11888): Total time spent on timing analysis during Post-Routing is 0.04 seconds.


