Fitter Place Stage Report for syntest_fifo_generic
Fri Apr  5 08:15:07 2019
Quartus Prime Version 18.1.0 Build 222 09/21/2018 SJ Pro Edition


---------------------
; Table of Contents ;
---------------------
  1. Legal Notice
  2. Fitter Resource Usage Summary
  3. Fitter Resource Utilization by Entity
  4. Fitter RAM Summary
  5. Place Messages



----------------
; Legal Notice ;
----------------
Copyright (C) 2018  Intel Corporation. All rights reserved.
Your use of Intel Corporation's design tools, logic functions 
and other software and tools, and its AMPP partner logic 
functions, and any output files from any of the foregoing 
(including device programming or simulation files), and any 
associated documentation or information are expressly subject 
to the terms and conditions of the Intel Program License 
Subscription Agreement, the Intel Quartus Prime License Agreement,
the Intel FPGA IP License Agreement, or other applicable license
agreement, including, without limitation, that your use is for
the sole purpose of programming logic devices manufactured by
Intel and sold by Intel or its authorized distributors.  Please
refer to the applicable agreement for further details.



+-------------------------------------------------------------------------------------------+
; Fitter Resource Usage Summary                                                             ;
+-------------------------------------------------------------+---------------------+-------+
; Resource                                                    ; Usage               ; %     ;
+-------------------------------------------------------------+---------------------+-------+
; Logic utilization (ALMs needed / total ALMs on device)      ; 362 / 427,200       ; < 1 % ;
; ALMs needed [=A-B+C]                                        ; 362                 ;       ;
;     [A] ALMs used in final placement [=a+b+c+d]             ; 417 / 427,200       ; < 1 % ;
;         [a] ALMs used for LUT logic and registers           ; 97                  ;       ;
;         [b] ALMs used for LUT logic                         ; 274                 ;       ;
;         [c] ALMs used for registers                         ; 46                  ;       ;
;         [d] ALMs used for memory (up to half of total ALMs) ; 0                   ;       ;
;     [B] Estimate of ALMs recoverable by dense packing       ; 55 / 427,200        ; < 1 % ;
;     [C] Estimate of ALMs unavailable [=a+b+c+d]             ; 0 / 427,200         ; 0 %   ;
;         [a] Due to location constrained logic               ; 0                   ;       ;
;         [b] Due to LAB-wide signal conflicts                ; 0                   ;       ;
;         [c] Due to LAB input limits                         ; 0                   ;       ;
;         [d] Due to virtual I/Os                             ; 0                   ;       ;
;                                                             ;                     ;       ;
; Difficulty packing design                                   ; Low                 ;       ;
;                                                             ;                     ;       ;
; Total LABs:  partially or completely used                   ; 49 / 42,720         ; < 1 % ;
;     -- Logic LABs                                           ; 49                  ;       ;
;     -- Memory LABs (up to half of total LABs)               ; 0                   ;       ;
;                                                             ;                     ;       ;
; Combinational ALUT usage for logic                          ; 574                 ;       ;
;     -- 7 input functions                                    ; 0                   ;       ;
;     -- 6 input functions                                    ; 449                 ;       ;
;     -- 5 input functions                                    ; 36                  ;       ;
;     -- 4 input functions                                    ; 4                   ;       ;
;     -- <=3 input functions                                  ; 85                  ;       ;
; Combinational ALUT usage for route-throughs                 ; 88                  ;       ;
;                                                             ;                     ;       ;
; Dedicated logic registers                                   ; 371                 ;       ;
;     -- By type:                                             ;                     ;       ;
;         -- Primary logic registers                          ; 285 / 854,400       ; < 1 % ;
;         -- Secondary logic registers                        ; 86 / 854,400        ; < 1 % ;
;     -- By function:                                         ;                     ;       ;
;         -- Design implementation registers                  ; 371                 ;       ;
;         -- Routing optimization registers                   ; 0                   ;       ;
;                                                             ;                     ;       ;
; ALMs adjustment for power estimation                        ; 19                  ;       ;
;                                                             ;                     ;       ;
; Virtual pins                                                ; 0                   ;       ;
; I/O pins                                                    ; 2 / 960             ; < 1 % ;
;     -- Clock pins                                           ; 1 / 50              ; 2 %   ;
;     -- Dedicated input pins                                 ; 0 / 155             ; 0 %   ;
;                                                             ;                     ;       ;
; M20K blocks                                                 ; 3 / 2,713           ; < 1 % ;
; Total MLAB memory bits                                      ; 0                   ;       ;
; Total block memory bits                                     ; 44,032 / 55,562,240 ; < 1 % ;
; Total block memory implementation bits                      ; 61,440 / 55,562,240 ; < 1 % ;
;                                                             ;                     ;       ;
; DSP Blocks Needed [=A+B-C]                                  ; 0 / 1,518           ; 0 %   ;
;     [A] Total Fixed Point DSP Blocks                        ; 0                   ;       ;
;     [B] Total Floating Point DSP Blocks                     ; 0                   ;       ;
;     [C] Estimate of DSP Blocks recoverable by dense merging ; 0                   ;       ;
;                                                             ;                     ;       ;
; IOPLLs                                                      ; 0 / 13              ; 0 %   ;
; FPLLs                                                       ; 0 / 32              ; 0 %   ;
; Global signals                                              ; 1                   ;       ;
;     -- Global clocks                                        ; 1 / 32              ; 3 %   ;
;     -- Regional clocks                                      ; 0 / 16              ; 0 %   ;
;     -- Periphery clocks                                     ; 0 / 384             ; 0 %   ;
; JTAGs                                                       ; 0 / 1               ; 0 %   ;
; ASMI blocks                                                 ; 0 / 1               ; 0 %   ;
; CRC blocks                                                  ; 0 / 1               ; 0 %   ;
; Remote update blocks                                        ; 0 / 1               ; 0 %   ;
; Oscillator blocks                                           ; 0 / 1               ; 0 %   ;
; PCIe Hard IPs                                               ; 0 / 4               ; 0 %   ;
; HSSI RX PCSs                                                ; 0 / 72              ; 0 %   ;
; HSSI PMA RX DESERs                                          ; 0 / 72              ; 0 %   ;
; HSSI TX PCSs                                                ; 0 / 72              ; 0 %   ;
; HSSI PMA TX SERs                                            ; 0 / 72              ; 0 %   ;
; HSSI CDR PLL                                                ; 0 / 72              ; 0 %   ;
;     -- CDR PLLs for Unused RX Clock Workaround              ; 0 / 72              ; 0 %   ;
; HSSI ATX PLL                                                ; 0 / 24              ; 0 %   ;
; Impedance control blocks                                    ; 0 / 16              ; 0 %   ;
; Maximum fan-out                                             ; 457                 ;       ;
; Highest non-global fan-out                                  ; 189                 ;       ;
; Total fan-out                                               ; 5789                ;       ;
; Average fan-out                                             ; 5.57                ;       ;
+-------------------------------------------------------------+---------------------+-------+


+---------------------------------------------------------------------------------------------------------------------------------------------------------------------------------------------------------------------------------------------------------------------------------------------------------------------------------------------------------------------------------------------------------------------------------------------------------------------------------------------------------+
; Fitter Resource Utilization by Entity                                                                                                                                                                                                                                                                                                                                                                                                                                                                   ;
+-------------------------------------------------+----------------------+----------------------------------+---------------------------------------------------+----------------------------------+----------------------+---------------------+---------------------------+---------------+-------------------+-------+------------+------+--------------+--------+-----------------------------------------------------------------------------------------------+----------------------+--------------+
; Compilation Hierarchy Node                      ; ALMs needed [=A-B+C] ; [A] ALMs used in final placement ; [B] Estimate of ALMs recoverable by dense packing ; [C] Estimate of ALMs unavailable ; ALMs used for memory ; Combinational ALUTs ; Dedicated Logic Registers ; I/O Registers ; Block Memory Bits ; M20Ks ; DSP Blocks ; Pins ; Virtual Pins ; IOPLLs ; Full Hierarchy Name                                                                           ; Entity Name          ; Library Name ;
+-------------------------------------------------+----------------------+----------------------------------+---------------------------------------------------+----------------------------------+----------------------+---------------------+---------------------------+---------------+-------------------+-------+------------+------+--------------+--------+-----------------------------------------------------------------------------------------------+----------------------+--------------+
; |                                               ; 362.0 (0.0)          ; 416.0 (0.0)                      ; 54.0 (0.0)                                        ; 0.0 (0.0)                        ; 0.0 (0.0)            ; 574 (0)             ; 371 (0)                   ; 0 (0)         ; 44032             ; 3     ; 0          ; 2    ; 0            ; 0 (0)  ; |                                                                                             ; syntest_fifo_generic ; altera_work  ;
;    |i_mut|                                      ; 23.2 (23.2)          ; 24.6 (24.6)                      ; 1.4 (1.4)                                         ; 0.0 (0.0)                        ; 0.0 (0.0)            ; 42 (42)             ; 31 (31)                   ; 0 (0)         ; 44032             ; 3     ; 0          ; 0    ; 0            ; 0 (0)  ; i_mut                                                                                         ; fifo_generic         ; altera_work  ;
;       |ram_data_rtl_0|                          ; 0.0 (0.0)            ; 0.0 (0.0)                        ; 0.0 (0.0)                                         ; 0.0 (0.0)                        ; 0.0 (0.0)            ; 0 (0)               ; 0 (0)                     ; 0 (0)         ; 44032             ; 3     ; 0          ; 0    ; 0            ; 0 (0)  ; i_mut|ram_data_rtl_0                                                                          ; altsyncram           ; work         ;
;          |auto_generated|                       ; 0.0 (0.0)            ; 0.0 (0.0)                        ; 0.0 (0.0)                                         ; 0.0 (0.0)                        ; 0.0 (0.0)            ; 0 (0)               ; 0 (0)                     ; 0 (0)         ; 44032             ; 3     ; 0          ; 0    ; 0            ; 0 (0)  ; i_mut|ram_data_rtl_0|auto_generated                                                           ; altsyncram_8r42      ; work         ;
;    |i_sink|                                     ; 337.5 (316.5)        ; 345.9 (325.1)                    ; 8.4 (8.6)                                         ; 0.0 (0.0)                        ; 0.0 (0.0)            ; 531 (508)           ; 162 (139)                 ; 0 (0)         ; 0                 ; 0     ; 0          ; 0    ; 0            ; 0 (0)  ; i_sink                                                                                        ; atv_dummy_sink       ; altera_work  ;
;       |i_atv_dummy_reduce|                      ; 20.8 (16.6)          ; 20.8 (16.6)                      ; 0.0 (0.0)                                         ; 0.0 (0.0)                        ; 0.0 (0.0)            ; 23 (18)             ; 23 (18)                   ; 0 (0)         ; 0                 ; 0     ; 0          ; 0    ; 0            ; 0 (0)  ; i_sink|i_atv_dummy_reduce                                                                     ; atv_dummy_reduce     ; altera_work  ;
;          |\g_reduce_more:i_atv_dummy_reduce|    ; 3.5 (3.0)            ; 4.3 (3.7)                        ; 0.8 (0.7)                                         ; 0.0 (0.0)                        ; 0.0 (0.0)            ; 5 (4)               ; 5 (4)                     ; 0 (0)         ; 0                 ; 0     ; 0          ; 0    ; 0            ; 0 (0)  ; i_sink|i_atv_dummy_reduce|\g_reduce_more:i_atv_dummy_reduce                                   ; atv_dummy_reduce     ; altera_work  ;
;             |\g_reduce_more:i_atv_dummy_reduce| ; 0.5 (0.5)            ; 0.5 (0.5)                        ; 0.0 (0.0)                                         ; 0.0 (0.0)                        ; 0.0 (0.0)            ; 1 (1)               ; 1 (1)                     ; 0 (0)         ; 0                 ; 0     ; 0          ; 0    ; 0            ; 0 (0)  ; i_sink|i_atv_dummy_reduce|\g_reduce_more:i_atv_dummy_reduce|\g_reduce_more:i_atv_dummy_reduce ; atv_dummy_reduce     ; altera_work  ;
;    |i_source|                                   ; 1.3 (1.3)            ; 45.5 (45.5)                      ; 44.1 (44.1)                                       ; 0.0 (0.0)                        ; 0.0 (0.0)            ; 1 (1)               ; 178 (178)                 ; 0 (0)         ; 0                 ; 0     ; 0          ; 0    ; 0            ; 0 (0)  ; i_source                                                                                      ; atv_dummy_source     ; altera_work  ;
+-------------------------------------------------+----------------------+----------------------------------+---------------------------------------------------+----------------------------------+----------------------+---------------------+---------------------------+---------------+-------------------+-------+------------+------+--------------+--------+-----------------------------------------------------------------------------------------------+----------------------+--------------+
Note: For table entries with two numbers listed, the numbers in parentheses indicate the number of resources of the given type used by the specific entity alone. The numbers listed outside of parentheses indicate the total resources of the given type used by the specific entity and all of its sub-entities in the hierarchy.


+---------------------------------------------------------------------------------------------------------------------------------------------------------------------------------------------------------------------------------------------------------------------------------------------------------------------------------------------------------------------------------------------------------------------------------------------------------------------------------------------------------------------------------------------------------------------------------------------------------------------------------+
; Fitter RAM Summary                                                                                                                                                                                                                                                                                                                                                                                                                                                                                                                                                                                                              ;
+------------------------------------------------+------------+------------------+--------------+--------------+--------------+--------------+--------------+------------------------+-------------------------+------------------------+-------------------------+-------+-----------------------------+-----------------------------+-----------------------------+-----------------------------+---------------------+-------------+-------+------+------------------------------------------------------+---------------------+-----------------+-----------------+----------+------------------------+-----------------------+
; Name                                           ; Type       ; Mode             ; Clock Mode   ; Port A Depth ; Port A Width ; Port B Depth ; Port B Width ; Port A Input Registers ; Port A Output Registers ; Port B Input Registers ; Port B Output Registers ; Size  ; Implementation Port A Depth ; Implementation Port A Width ; Implementation Port B Depth ; Implementation Port B Width ; Implementation Bits ; M20K blocks ; MLABs ; MIF  ; Location                                             ; Mixed Port RDW Mode ; Port A RDW Mode ; Port B RDW Mode ; ECC Mode ; ECC Pipeline Registers ; Fits in MLABs         ;
+------------------------------------------------+------------+------------------+--------------+--------------+--------------+--------------+--------------+------------------------+-------------------------+------------------------+-------------------------+-------+-----------------------------+-----------------------------+-----------------------------+-----------------------------+---------------------+-------------+-------+------+------------------------------------------------------+---------------------+-----------------+-----------------+----------+------------------------+-----------------------+
; i_mut|ram_data_rtl_0|auto_generated|ALTSYNCRAM ; M20K block ; Simple Dual Port ; Single Clock ; --           ; --           ; 512          ; 86           ; yes                    ; no                      ; yes                    ; yes                     ; 44032 ; --                          ; --                          ; 512                         ; 86                          ; 44032               ; 3           ; 0     ; None ; M20K_X70_Y116_N0, M20K_X70_Y117_N0, M20K_X70_Y118_N0 ; Old data            ; New data        ; New data        ; Off      ; No                     ; No - Address Too Wide ;
+------------------------------------------------+------------+------------------+--------------+--------------+--------------+--------------+--------------+------------------------+-------------------------+------------------------+-------------------------+-------+-----------------------------+-----------------------------+-----------------------------+-----------------------------+---------------------+-------------+-------+------+------------------------------------------------------+---------------------+-----------------+-----------------+----------+------------------------+-----------------------+
Note: Fitter may spread logical memories into multiple blocks to improve timing. The actual required RAM blocks can be found in the Fitter Resource Usage section.


+----------------+
; Place Messages ;
+----------------+
Info: *******************************************************************
Info: Running Quartus Prime Fitter
    Info: Version 18.1.0 Build 222 09/21/2018 SJ Pro Edition
    Info: Processing started: Fri Apr  5 08:13:26 2019
Info: Command: quartus_fit --read_settings_files=on --write_settings_files=off syntest_fifo_generic -c syntest_fifo_generic
Info: qfit2_default_script.tcl version: #1
Info: Project  = syntest_fifo_generic
Info: Revision = syntest_fifo_generic
Info (11165): Fitter preparation operations ending: elapsed time is 00:00:40
Info (170189): Fitter placement preparation operations beginning
Info (14951): The Fitter is using Advanced Physical Optimization.
Info (170190): Fitter placement preparation operations ending: elapsed time is 00:00:15
Info (170191): Fitter placement operations beginning
Info (170137): Fitter placement was successful
Info (170192): Fitter placement operations ending: elapsed time is 00:00:06


