------------------------------------------------------------
Timing Analyzer Summary
------------------------------------------------------------

Type  : Slow 900mV 100C Model Setup 'clk_i'
Slack : 0.561
TNS   : 0.000

Type  : Slow 900mV 100C Model Hold 'clk_i'
Slack : 0.058
TNS   : 0.000

Type  : Slow 900mV 100C Model Minimum Pulse Width 'clk_i'
Slack : 1.205
TNS   : 0.000

Type  : Slow 900mV -40C Model Setup 'clk_i'
Slack : 0.683
TNS   : 0.000

Type  : Slow 900mV -40C Model Hold 'clk_i'
Slack : 0.044
TNS   : 0.000

Type  : Slow 900mV -40C Model Minimum Pulse Width 'clk_i'
Slack : 1.071
TNS   : 0.000

Type  : Fast 900mV 100C Model Setup 'clk_i'
Slack : 1.599
TNS   : 0.000

Type  : Fast 900mV 100C Model Hold 'clk_i'
Slack : 0.020
TNS   : 0.000

Type  : Fast 900mV 100C Model Minimum Pulse Width 'clk_i'
Slack : 1.306
TNS   : 0.000

Type  : Fast 900mV -40C Model Setup 'clk_i'
Slack : 1.935
TNS   : 0.000

Type  : Fast 900mV -40C Model Hold 'clk_i'
Slack : 0.018
TNS   : 0.000

Type  : Fast 900mV -40C Model Minimum Pulse Width 'clk_i'
Slack : 1.296
TNS   : 0.000

------------------------------------------------------------
