------------------------------------------------------------
Timing Analyzer Summary
------------------------------------------------------------

Type  : Slow 900mV 100C Model Setup 'clk_i'
Slack : 0.863
TNS   : 0.000

Type  : Slow 900mV 100C Model Hold 'clk_i'
Slack : 0.057
TNS   : 0.000

Type  : Slow 900mV 100C Model Minimum Pulse Width 'clk_i'
Slack : 1.550
TNS   : 0.000

Type  : Slow 900mV -40C Model Setup 'clk_i'
Slack : 1.042
TNS   : 0.000

Type  : Slow 900mV -40C Model Hold 'clk_i'
Slack : 0.045
TNS   : 0.000

Type  : Slow 900mV -40C Model Minimum Pulse Width 'clk_i'
Slack : 1.442
TNS   : 0.000

Type  : Fast 900mV 100C Model Setup 'clk_i'
Slack : 1.681
TNS   : 0.000

Type  : Fast 900mV 100C Model Hold 'clk_i'
Slack : 0.017
TNS   : 0.000

Type  : Fast 900mV 100C Model Minimum Pulse Width 'clk_i'
Slack : 1.539
TNS   : 0.000

Type  : Fast 900mV -40C Model Setup 'clk_i'
Slack : 2.034
TNS   : 0.000

Type  : Fast 900mV -40C Model Hold 'clk_i'
Slack : 0.011
TNS   : 0.000

Type  : Fast 900mV -40C Model Minimum Pulse Width 'clk_i'
Slack : 1.596
TNS   : 0.000

------------------------------------------------------------
