Fitter Route Stage Report for syntest_complete
Tue Apr 16 15:54:24 2019
Quartus Prime Version 18.1.0 Build 222 09/21/2018 SJ Pro Edition


---------------------
; Table of Contents ;
---------------------
  1. Legal Notice
  2. Delay Chain Summary
  3. Routing Usage Summary
  4. Route Messages
  5. Estimated Delay Added for Hold Timing Summary
  6. Estimated Delay Added for Hold Timing Details



----------------
; Legal Notice ;
----------------
Copyright (C) 2018  Intel Corporation. All rights reserved.
Your use of Intel Corporation's design tools, logic functions 
and other software and tools, and its AMPP partner logic 
functions, and any output files from any of the foregoing 
(including device programming or simulation files), and any 
associated documentation or information are expressly subject 
to the terms and conditions of the Intel Program License 
Subscription Agreement, the Intel Quartus Prime License Agreement,
the Intel FPGA IP License Agreement, or other applicable license
agreement, including, without limitation, that your use is for
the sole purpose of programming logic devices manufactured by
Intel and sold by Intel or its authorized distributors.  Please
refer to the applicable agreement for further details.



+---------------------------------------------------------------------------------------------------------------------------------------------------------+
; Delay Chain Summary                                                                                                                                     ;
+--------+----------+---------------------+--------------------+----------------+-----------------------------------+-------------------------------------+
; Name   ; Pin Type ; Input Delay Chain 0 ; Output Delay Chain ; OE Delay Chain ; IO_12_LANE Input Data Delay Chain ; IO_12_LANE Input Strobe Delay Chain ;
+--------+----------+---------------------+--------------------+----------------+-----------------------------------+-------------------------------------+
; sink_o ; Output   ; --                  ; 0                  ; 0              ; --                                ; --                                  ;
; clk_i  ; Input    ; 0                   ; --                 ; --             ; --                                ; --                                  ;
+--------+----------+---------------------+--------------------+----------------+-----------------------------------+-------------------------------------+


+------------------------------------------------------------+
; Routing Usage Summary                                      ;
+------------------------------+-----------------------------+
; Routing Resource Type        ; Usage                       ;
+------------------------------+-----------------------------+
; Block interconnects          ; 1,533 / 3,375,986 ( < 1 % ) ;
; C27 interconnects            ; 0 / 56,741 ( 0 % )          ;
; C4 interconnects             ; 554 / 2,570,048 ( < 1 % )   ;
; Direct links                 ; 505 / 3,375,986 ( < 1 % )   ;
; Global clocks                ; 1 / 32 ( 3 % )              ;
; Periphery clocks             ; 0 / 910 ( 0 % )             ;
; R3 interconnects             ; 379 / 1,214,760 ( < 1 % )   ;
; R32 interconnects            ; 0 / 99,472 ( 0 % )          ;
; R32/C27 interconnect drivers ; 0 / 385,136 ( 0 % )         ;
; R6 interconnects             ; 511 / 2,336,152 ( < 1 % )   ;
; Regional clock lefts         ; 0 / 16 ( 0 % )              ;
; Regional clock out bottoms   ; 0 / 16 ( 0 % )              ;
; Regional clock out tops      ; 0 / 16 ( 0 % )              ;
; Regional clock rights        ; 0 / 16 ( 0 % )              ;
; Regional clocks              ; 0 / 16 ( 0 % )              ;
; Spine buffers                ; 1 / 704 ( < 1 % )           ;
; Spine clocks                 ; 1 / 1,056 ( < 1 % )         ;
; Spine feedthroughs           ; 0 / 1,024 ( 0 % )           ;
+------------------------------+-----------------------------+


+----------------+
; Route Messages ;
+----------------+
Info: *******************************************************************
Info: Running Quartus Prime Fitter
    Info: Version 18.1.0 Build 222 09/21/2018 SJ Pro Edition
    Info: Processing started: Tue Apr 16 15:52:03 2019
Info: Command: quartus_fit --read_settings_files=on --write_settings_files=off syntest_complete -c syntest_complete
Info: qfit2_default_script.tcl version: #1
Info: Project  = syntest_complete
Info: Revision = syntest_complete
Info (170193): Fitter routing operations beginning
Info (170199): The Fitter performed an Auto Fit compilation.  Optimizations were skipped to reduce compilation time.
    Info (170201): Optimizations that may affect the design's routability were skipped
    Info (170200): Optimizations that may affect the design's timing were skipped
Info (11888): Total time spent on timing analysis during Routing is 0.16 seconds.
Info (16607): Fitter routing operations ending: elapsed time is 00:00:33


+------------------------------------------------------------+
; Estimated Delay Added for Hold Timing Summary              ;
+-----------------+----------------------+-------------------+
; Source Clock(s) ; Destination Clock(s) ; Delay Added in ns ;
+-----------------+----------------------+-------------------+
; clk_i           ; clk_i                ; 118.8             ;
+-----------------+----------------------+-------------------+
Note: For more information on problematic transfers, consider running the Fitter again with the Optimize hold timing option (Settings Menu) turned off.
This will disable optimization of problematic paths and expose them for further analysis using the Timing Analyzer.


+-------------------------------------------------------------------------------------------------------------------------------------------------------------------------------------------------------+
; Estimated Delay Added for Hold Timing Details                                                                                                                                                         ;
+------------------------------------------------------------------------+----------------------------------------------------------------------------------------------------------+-------------------+
; Source Register                                                        ; Destination Register                                                                                     ; Delay Added in ns ;
+------------------------------------------------------------------------+----------------------------------------------------------------------------------------------------------+-------------------+
; i_sink|output_stage1[75]                                               ; i_sink|i_atv_dummy_reduce|reduced[15]                                                                    ; 0.360             ;
; i_sink|\i:1:counter[2]                                                 ; i_sink|\i:1:counter[3]                                                                                   ; 0.344             ;
; i_sink|output_stage1[77]                                               ; i_sink|i_atv_dummy_reduce|reduced[15]                                                                    ; 0.333             ;
; i_source|\g_reg_banks:0:regs[0]                                        ; i_source|\g_reg_banks:0:outputs[0]                                                                       ; 0.333             ;
; i_sink|\i:6:counter[3]                                                 ; i_sink|\i:6:counter[4]                                                                                   ; 0.327             ;
; i_sink|output_stage1[76]                                               ; i_sink|i_atv_dummy_reduce|reduced[15]                                                                    ; 0.324             ;
; i_sink|\i:9:counter[3]                                                 ; i_sink|\i:9:counter[4]                                                                                   ; 0.321             ;
; i_sink|\i:17:counter[4]                                                ; i_sink|output_stage1[86]                                                                                 ; 0.320             ;
; i_sink|output_stage1[70]                                               ; i_sink|i_atv_dummy_reduce|reduced[14]                                                                    ; 0.318             ;
; i_sink|\i:6:counter[2]                                                 ; i_sink|output_stage1[72]                                                                                 ; 0.317             ;
; i_sink|\i:1:counter[0]                                                 ; i_sink|output_stage1[72]                                                                                 ; 0.317             ;
; i_sink|\i:10:counter[3]                                                ; i_sink|\i:10:counter[4]                                                                                  ; 0.314             ;
; i_sink|\i:3:counter[3]                                                 ; i_sink|\i:3:counter[4]                                                                                   ; 0.314             ;
; i_sink|\i:0:counter[1]                                                 ; i_sink|output_stage1[81]                                                                                 ; 0.314             ;
; i_sink|output_stage1[55]                                               ; i_sink|i_atv_dummy_reduce|reduced[11]                                                                    ; 0.313             ;
; i_sink|\i:11:counter[3]                                                ; i_sink|\i:11:counter[4]                                                                                  ; 0.311             ;
; i_sink|\i:7:counter[3]                                                 ; i_sink|\i:7:counter[4]                                                                                   ; 0.311             ;
; i_sink|\i:15:counter[3]                                                ; i_sink|\i:15:counter[4]                                                                                  ; 0.308             ;
; i_sink|\i:1:counter[1]                                                 ; i_sink|output_stage1[86]                                                                                 ; 0.308             ;
; i_sink|i_atv_dummy_reduce|reduced[10]                                  ; i_sink|i_atv_dummy_reduce|\g_reduce_more:i_atv_dummy_reduce|reduced[2]                                   ; 0.308             ;
; i_source|\g_reg_banks:0:outputs[14]                                    ; i_source|\g_reg_banks:0:regs[15]                                                                         ; 0.307             ;
; i_sink|\i:12:counter[3]                                                ; i_sink|\i:12:counter[4]                                                                                  ; 0.307             ;
; i_sink|output_stage1[35]                                               ; i_sink|i_atv_dummy_reduce|reduced[7]                                                                     ; 0.307             ;
; i_sink|output_stage1[1]                                                ; i_sink|i_atv_dummy_reduce|reduced[0]                                                                     ; 0.306             ;
; i_sink|i_atv_dummy_reduce|reduced[15]                                  ; i_sink|i_atv_dummy_reduce|\g_reduce_more:i_atv_dummy_reduce|reduced[3]                                   ; 0.306             ;
; i_sink|output_stage1[8]                                                ; i_sink|i_atv_dummy_reduce|reduced[1]                                                                     ; 0.304             ;
; i_sink|output_stage1[25]                                               ; i_sink|i_atv_dummy_reduce|reduced[5]                                                                     ; 0.303             ;
; i_source|\g_reg_banks:0:outputs[75]                                    ; i_source|\g_reg_banks:0:regs[76]                                                                         ; 0.303             ;
; i_sink|output_stage1[5]                                                ; i_sink|i_atv_dummy_reduce|reduced[1]                                                                     ; 0.300             ;
; i_source|\g_reg_banks:0:outputs[59]                                    ; i_source|\g_reg_banks:0:regs[60]                                                                         ; 0.298             ;
; i_source|\g_reg_banks:0:outputs[17]                                    ; i_source|\g_reg_banks:0:regs[18]                                                                         ; 0.297             ;
; i_sink|\i:17:counter[3]                                                ; i_sink|output_stage1[87]                                                                                 ; 0.297             ;
; i_sink|output_stage1[15]                                               ; i_sink|i_atv_dummy_reduce|reduced[3]                                                                     ; 0.297             ;
; i_source|\g_reg_banks:0:outputs[77]                                    ; i_source|\g_reg_banks:0:regs[78]                                                                         ; 0.296             ;
; i_source|\g_reg_banks:0:regs[18]                                       ; i_source|\g_reg_banks:0:outputs[18]                                                                      ; 0.296             ;
; i_source|\g_reg_banks:0:regs[78]                                       ; i_source|\g_reg_banks:0:outputs[78]                                                                      ; 0.293             ;
; i_sink|\i:14:counter[3]                                                ; i_sink|\i:14:counter[4]                                                                                  ; 0.293             ;
; i_source|\g_reg_banks:0:outputs[50]                                    ; i_source|\g_reg_banks:0:regs[0]                                                                          ; 0.291             ;
; i_source|\g_reg_banks:0:regs[54]                                       ; i_source|\g_reg_banks:0:outputs[54]                                                                      ; 0.291             ;
; i_source|\g_reg_banks:0:regs[16]                                       ; i_source|\g_reg_banks:0:outputs[16]                                                                      ; 0.291             ;
; i_source|\g_reg_banks:0:regs[77]                                       ; i_source|\g_reg_banks:0:outputs[77]                                                                      ; 0.290             ;
; i_source|\g_reg_banks:0:regs[43]                                       ; i_source|\g_reg_banks:0:outputs[43]                                                                      ; 0.290             ;
; i_source|\g_reg_banks:0:outputs[30]                                    ; i_source|\g_reg_banks:0:regs[31]                                                                         ; 0.290             ;
; i_sink|output_stage1[65]                                               ; i_sink|i_atv_dummy_reduce|reduced[13]                                                                    ; 0.290             ;
; i_sink|output_stage1[40]                                               ; i_sink|i_atv_dummy_reduce|reduced[8]                                                                     ; 0.290             ;
; i_sink|\i:13:counter[4]                                                ; i_sink|output_stage1[67]                                                                                 ; 0.290             ;
; i_source|\g_reg_banks:0:regs[73]                                       ; i_source|\g_reg_banks:0:outputs[73]                                                                      ; 0.288             ;
; i_source|\g_reg_banks:0:regs[12]                                       ; i_source|\g_reg_banks:0:outputs[12]                                                                      ; 0.288             ;
; i_source|\g_reg_banks:0:outputs[20]                                    ; i_source|\g_reg_banks:0:regs[21]                                                                         ; 0.288             ;
; i_source|\g_reg_banks:0:regs[65]                                       ; i_source|\g_reg_banks:0:outputs[65]                                                                      ; 0.288             ;
; i_source|\g_reg_banks:0:regs[34]                                       ; i_source|\g_reg_banks:0:outputs[34]                                                                      ; 0.288             ;
; i_source|\g_reg_banks:0:regs[21]                                       ; i_source|\g_reg_banks:0:outputs[21]                                                                      ; 0.286             ;
; i_source|\g_reg_banks:0:regs[14]                                       ; i_source|\g_reg_banks:0:outputs[14]                                                                      ; 0.286             ;
; i_source|\g_reg_banks:0:outputs[19]                                    ; i_source|\g_reg_banks:0:regs[20]                                                                         ; 0.284             ;
; i_sink|i_atv_dummy_reduce|\g_reduce_more:i_atv_dummy_reduce|reduced[0] ; i_sink|i_atv_dummy_reduce|\g_reduce_more:i_atv_dummy_reduce|\g_reduce_more:i_atv_dummy_reduce|reduced[0] ; 0.284             ;
; i_sink|output_stage1[80]                                               ; i_sink|i_atv_dummy_reduce|reduced[16]                                                                    ; 0.283             ;
; i_sink|output_stage1[36]                                               ; i_sink|i_atv_dummy_reduce|reduced[7]                                                                     ; 0.283             ;
; i_source|\g_reg_banks:0:regs[81]                                       ; i_source|\g_reg_banks:0:outputs[81]                                                                      ; 0.281             ;
; i_sink|output_stage1[81]                                               ; i_sink|i_atv_dummy_reduce|reduced[16]                                                                    ; 0.281             ;
; i_sink|i_atv_dummy_reduce|\g_reduce_more:i_atv_dummy_reduce|reduced[2] ; i_sink|i_atv_dummy_reduce|\g_reduce_more:i_atv_dummy_reduce|\g_reduce_more:i_atv_dummy_reduce|reduced[0] ; 0.281             ;
; i_sink|output_stage1[83]                                               ; i_sink|i_atv_dummy_reduce|reduced[16]                                                                    ; 0.280             ;
; i_sink|output_stage1[62]                                               ; i_sink|i_atv_dummy_reduce|reduced[12]                                                                    ; 0.280             ;
; i_sink|output_stage1[71]                                               ; i_sink|i_atv_dummy_reduce|reduced[14]                                                                    ; 0.280             ;
; i_sink|output_stage1[57]                                               ; i_sink|i_atv_dummy_reduce|reduced[11]                                                                    ; 0.280             ;
; i_sink|output_stage1[54]                                               ; i_sink|i_atv_dummy_reduce|reduced[10]                                                                    ; 0.278             ;
; i_sink|output_stage1[73]                                               ; i_sink|i_atv_dummy_reduce|reduced[14]                                                                    ; 0.278             ;
; i_source|\g_reg_banks:0:outputs[24]                                    ; i_source|\g_reg_banks:0:regs[25]                                                                         ; 0.277             ;
; i_source|\g_reg_banks:0:regs[56]                                       ; i_source|\g_reg_banks:0:outputs[56]                                                                      ; 0.277             ;
; i_sink|output_stage1[56]                                               ; i_sink|i_atv_dummy_reduce|reduced[11]                                                                    ; 0.277             ;
; i_sink|output_stage1[86]                                               ; i_sink|i_atv_dummy_reduce|reduced[17]                                                                    ; 0.277             ;
; i_source|\g_reg_banks:0:regs[17]                                       ; i_source|\g_reg_banks:0:outputs[17]                                                                      ; 0.275             ;
; i_sink|\i:8:counter[3]                                                 ; i_sink|\i:8:counter[4]                                                                                   ; 0.275             ;
; i_sink|output_stage1[21]                                               ; i_sink|i_atv_dummy_reduce|reduced[4]                                                                     ; 0.275             ;
; i_sink|output_stage1[20]                                               ; i_sink|i_atv_dummy_reduce|reduced[4]                                                                     ; 0.275             ;
; i_source|\g_reg_banks:0:outputs[3]                                     ; i_source|\g_reg_banks:0:regs[4]                                                                          ; 0.275             ;
; i_sink|output_stage1[2]                                                ; i_sink|i_atv_dummy_reduce|reduced[0]                                                                     ; 0.275             ;
; i_sink|i_atv_dummy_reduce|reduced[16]                                  ; i_sink|i_atv_dummy_reduce|\g_reduce_more:i_atv_dummy_reduce|reduced[3]                                   ; 0.275             ;
; i_sink|\i:4:counter[3]                                                 ; i_sink|\i:4:counter[4]                                                                                   ; 0.274             ;
; i_source|\g_reg_banks:0:outputs[13]                                    ; i_source|\g_reg_banks:0:regs[14]                                                                         ; 0.274             ;
; i_sink|output_stage1[64]                                               ; i_sink|i_atv_dummy_reduce|reduced[12]                                                                    ; 0.274             ;
; i_source|\g_reg_banks:0:outputs[76]                                    ; i_source|\g_reg_banks:0:regs[77]                                                                         ; 0.273             ;
; i_sink|output_stage1[6]                                                ; i_sink|i_atv_dummy_reduce|reduced[1]                                                                     ; 0.273             ;
; i_sink|output_stage1[16]                                               ; i_sink|i_atv_dummy_reduce|reduced[3]                                                                     ; 0.273             ;
; i_sink|output_stage1[10]                                               ; i_sink|i_atv_dummy_reduce|reduced[2]                                                                     ; 0.273             ;
; i_sink|output_stage1[31]                                               ; i_sink|i_atv_dummy_reduce|reduced[6]                                                                     ; 0.273             ;
; i_sink|output_stage1[72]                                               ; i_sink|i_atv_dummy_reduce|reduced[14]                                                                    ; 0.273             ;
; i_sink|output_stage1[66]                                               ; i_sink|i_atv_dummy_reduce|reduced[13]                                                                    ; 0.271             ;
; i_sink|output_stage1[27]                                               ; i_sink|i_atv_dummy_reduce|reduced[5]                                                                     ; 0.271             ;
; i_sink|output_stage1[7]                                                ; i_sink|i_atv_dummy_reduce|reduced[1]                                                                     ; 0.271             ;
; i_source|\g_reg_banks:0:regs[35]                                       ; i_source|\g_reg_banks:0:outputs[35]                                                                      ; 0.270             ;
; i_source|\g_reg_banks:0:regs[25]                                       ; i_source|\g_reg_banks:0:outputs[25]                                                                      ; 0.268             ;
; i_source|\g_reg_banks:0:outputs[34]                                    ; i_source|\g_reg_banks:0:regs[35]                                                                         ; 0.268             ;
; i_sink|output_stage1[67]                                               ; i_sink|i_atv_dummy_reduce|reduced[13]                                                                    ; 0.268             ;
; i_source|\g_reg_banks:0:regs[41]                                       ; i_source|\g_reg_banks:0:outputs[41]                                                                      ; 0.267             ;
; i_source|\g_reg_banks:0:outputs[48]                                    ; i_source|\g_reg_banks:0:regs[49]                                                                         ; 0.265             ;
; i_source|\g_reg_banks:0:outputs[47]                                    ; i_source|\g_reg_banks:0:regs[48]                                                                         ; 0.264             ;
; i_sink|output_stage1[0]                                                ; i_sink|i_atv_dummy_reduce|reduced[0]                                                                     ; 0.264             ;
; i_source|\g_reg_banks:0:regs[71]                                       ; i_source|\g_reg_banks:0:outputs[71]                                                                      ; 0.263             ;
; i_sink|output_stage1[13]                                               ; i_sink|i_atv_dummy_reduce|reduced[2]                                                                     ; 0.263             ;
; i_source|\g_reg_banks:0:regs[32]                                       ; i_source|\g_reg_banks:0:outputs[32]                                                                      ; 0.261             ;
+------------------------------------------------------------------------+----------------------------------------------------------------------------------------------------------+-------------------+
Note: This table only shows the top 100 path(s) that have the largest delay added for hold.


